Archive member included to satisfy reference by file (symbol)

lib/orangescrt.a(printf.o)    kernel/main.o (printf)
lib/orangescrt.a(vsprintf.o)  kernel/main.o (vsprintf)
lib/orangescrt.a(string.o)    kernel/start.o (memcpy)
lib/orangescrt.a(misc.o)      kernel/main.o (send_recv)
lib/orangescrt.a(open.o)      kernel/main.o (open)
lib/orangescrt.a(read.o)      kernel/main.o (read)
lib/orangescrt.a(write.o)     kernel/main.o (write)
lib/orangescrt.a(close.o)     kernel/main.o (close)
lib/orangescrt.a(unlink.o)    kernel/main.o (unlink)
lib/orangescrt.a(getpid.o)    kernel/main.o (getpid)
lib/orangescrt.a(stat.o)      mm/exec.o (stat)
lib/orangescrt.a(fork.o)      kernel/main.o (fork)
lib/orangescrt.a(wait.o)      kernel/main.o (wait)
lib/orangescrt.a(exec.o)      kernel/main.o (execv)
lib/orangescrt.a(syscall.o)   lib/orangescrt.a(misc.o) (sendrec)

Allocating common symbols
Common symbol       size              file

idt_ptr             0x6               kernel/global.o
inode_table         0xb00             kernel/global.o
task_stack          0x24000           kernel/global.o
k_reenter           0x4               kernel/global.o
gdt                 0x400             kernel/global.o
current_console     0x4               kernel/global.o
pcaller             0x4               kernel/global.o
tty_table           0xc6c             kernel/global.o
tss                 0x68              kernel/global.o
fs_msg              0x30              kernel/global.o
memory_size         0x4               kernel/global.o
f_desc_table        0x400             kernel/global.o
root_inode          0x4               kernel/global.o
disp_pos            0x4               kernel/global.o
mm_msg              0x30              kernel/global.o
key_pressed         0x4               kernel/global.o
gdt_ptr             0x6               kernel/global.o
idt                 0x800             kernel/global.o
super_block         0x1e0             kernel/global.o
PARTITION_ENTRY     0x10              kernel/hd.o
ticks               0x4               kernel/global.o
console_table       0x3c              kernel/global.o
irq_table           0x40              kernel/global.o
p_proc_ready        0x4               kernel/global.o
proc_table          0x3af8            kernel/global.o

Discarded input sections

 .note.GNU-stack
                0x0000000000000000        0x0 kernel/start.o
 .note.GNU-stack
                0x0000000000000000        0x0 kernel/main.o
 .note.GNU-stack
                0x0000000000000000        0x0 kernel/clock.o
 .note.GNU-stack
                0x0000000000000000        0x0 kernel/keyboard.o
 .note.GNU-stack
                0x0000000000000000        0x0 kernel/tty.o
 .note.GNU-stack
                0x0000000000000000        0x0 kernel/console.o
 .note.GNU-stack
                0x0000000000000000        0x0 kernel/i8259.o
 .note.GNU-stack
                0x0000000000000000        0x0 kernel/global.o
 .note.GNU-stack
                0x0000000000000000        0x0 kernel/protect.o
 .note.GNU-stack
                0x0000000000000000        0x0 kernel/proc.o
 .note.GNU-stack
                0x0000000000000000        0x0 kernel/systask.o
 .note.GNU-stack
                0x0000000000000000        0x0 kernel/hd.o
 .note.GNU-stack
                0x0000000000000000        0x0 kernel/klib.o
 .note.GNU-stack
                0x0000000000000000        0x0 lib/syslog.o
 .note.GNU-stack
                0x0000000000000000        0x0 mm/main.o
 .note.GNU-stack
                0x0000000000000000        0x0 mm/forkexit.o
 .note.GNU-stack
                0x0000000000000000        0x0 mm/exec.o
 .note.GNU-stack
                0x0000000000000000        0x0 fs/main.o
 .note.GNU-stack
                0x0000000000000000        0x0 fs/open.o
 .note.GNU-stack
                0x0000000000000000        0x0 fs/misc.o
 .note.GNU-stack
                0x0000000000000000        0x0 fs/read_write.o
 .note.GNU-stack
                0x0000000000000000        0x0 fs/link.o
 .note.GNU-stack
                0x0000000000000000        0x0 fs/disklog.o
 .note.GNU-stack
                0x0000000000000000        0x0 lib/orangescrt.a(printf.o)
 .note.GNU-stack
                0x0000000000000000        0x0 lib/orangescrt.a(vsprintf.o)
 .note.GNU-stack
                0x0000000000000000        0x0 lib/orangescrt.a(misc.o)
 .note.GNU-stack
                0x0000000000000000        0x0 lib/orangescrt.a(open.o)
 .note.GNU-stack
                0x0000000000000000        0x0 lib/orangescrt.a(read.o)
 .note.GNU-stack
                0x0000000000000000        0x0 lib/orangescrt.a(write.o)
 .note.GNU-stack
                0x0000000000000000        0x0 lib/orangescrt.a(close.o)
 .note.GNU-stack
                0x0000000000000000        0x0 lib/orangescrt.a(unlink.o)
 .note.GNU-stack
                0x0000000000000000        0x0 lib/orangescrt.a(getpid.o)
 .note.GNU-stack
                0x0000000000000000        0x0 lib/orangescrt.a(stat.o)
 .note.GNU-stack
                0x0000000000000000        0x0 lib/orangescrt.a(fork.o)
 .note.GNU-stack
                0x0000000000000000        0x0 lib/orangescrt.a(wait.o)
 .note.GNU-stack
                0x0000000000000000        0x0 lib/orangescrt.a(exec.o)

Memory Configuration

Name             Origin             Length             Attributes
*default*        0x0000000000000000 0xffffffffffffffff

Linker script and memory map

Address of section .text set to 0x1000
LOAD kernel/kernel.o
LOAD kernel/start.o
LOAD kernel/main.o
LOAD kernel/clock.o
LOAD kernel/keyboard.o
LOAD kernel/tty.o
LOAD kernel/console.o
LOAD kernel/i8259.o
LOAD kernel/global.o
LOAD kernel/protect.o
LOAD kernel/proc.o
LOAD kernel/systask.o
LOAD kernel/hd.o
LOAD kernel/kliba.o
LOAD kernel/klib.o
LOAD lib/syslog.o
LOAD mm/main.o
LOAD mm/forkexit.o
LOAD mm/exec.o
LOAD fs/main.o
LOAD fs/open.o
LOAD fs/misc.o
LOAD fs/read_write.o
LOAD fs/link.o
LOAD fs/disklog.o
LOAD lib/orangescrt.a
                [!provide]                        PROVIDE (__executable_start, 0x8048000)
                0x0000000008048094                . = (0x8048000 + SIZEOF_HEADERS)

.interp
 *(.interp)

.note.gnu.build-id
 *(.note.gnu.build-id)

.hash
 *(.hash)

.gnu.hash
 *(.gnu.hash)

.dynsym
 *(.dynsym)

.dynstr
 *(.dynstr)

.gnu.version
 *(.gnu.version)

.gnu.version_d
 *(.gnu.version_d)

.gnu.version_r
 *(.gnu.version_r)

.rel.dyn        0x0000000008048094        0x0
 *(.rel.init)
 *(.rel.text .rel.text.* .rel.gnu.linkonce.t.*)
 .rel.text      0x0000000008048094        0x0 kernel/kernel.o
 *(.rel.fini)
 *(.rel.rodata .rel.rodata.* .rel.gnu.linkonce.r.*)
 *(.rel.data.rel.ro .rel.data.rel.ro.* .rel.gnu.linkonce.d.rel.ro.*)
 *(.rel.data .rel.data.* .rel.gnu.linkonce.d.*)
 .rel.data      0x0000000008048094        0x0 kernel/kernel.o
 *(.rel.tdata .rel.tdata.* .rel.gnu.linkonce.td.*)
 *(.rel.tbss .rel.tbss.* .rel.gnu.linkonce.tb.*)
 *(.rel.ctors)
 *(.rel.dtors)
 *(.rel.got)
 *(.rel.bss .rel.bss.* .rel.gnu.linkonce.b.*)
 *(.rel.ifunc)

.rel.plt        0x0000000008048094        0x0
 *(.rel.plt)
                [!provide]                        PROVIDE (__rel_iplt_start, .)
 *(.rel.iplt)
 .rel.iplt      0x0000000008048094        0x0 kernel/kernel.o
                [!provide]                        PROVIDE (__rel_iplt_end, .)

.init
 *(SORT(.init))

.plt            0x00000000080480a0        0x0
 *(.plt)
 *(.iplt)
 .iplt          0x00000000080480a0        0x0 kernel/kernel.o

.plt.got
 *(.plt.got)

.text           0x0000000000001000     0xc288
 *(.text.unlikely .text.*_unlikely .text.unlikely.*)
 *(.text.exit .text.exit.*)
 *(.text.startup .text.startup.*)
 *(.text.hot .text.hot.*)
 *(.text .stub .text.* .gnu.linkonce.t.*)
 .text          0x0000000000001000      0x410 kernel/kernel.o
                0x0000000000001000                _start
                0x0000000000001040                hwint00
                0x0000000000001070                hwint01
                0x00000000000010a0                hwint02
                0x00000000000010d0                hwint03
                0x0000000000001100                hwint04
                0x0000000000001130                hwint05
                0x0000000000001160                hwint06
                0x0000000000001190                hwint07
                0x00000000000011c0                hwint08
                0x00000000000011f0                hwint09
                0x0000000000001220                hwint10
                0x0000000000001250                hwint11
                0x0000000000001280                hwint12
                0x00000000000012b0                hwint13
                0x00000000000012e0                hwint14
                0x0000000000001310                hwint15
                0x0000000000001334                divide_error
                0x000000000000133a                single_step_exception
                0x0000000000001340                nmi
                0x0000000000001346                breakpoint_exception
                0x000000000000134c                overflow
                0x0000000000001352                bounds_check
                0x0000000000001358                inval_opcode
                0x000000000000135e                copr_not_available
                0x0000000000001364                double_fault
                0x0000000000001368                copr_seg_overrun
                0x000000000000136e                inval_tss
                0x0000000000001372                segment_not_present
                0x0000000000001376                stack_exception
                0x000000000000137a                general_protection
                0x000000000000137e                page_fault
                0x0000000000001382                copr_error
                0x00000000000013cb                sys_call
                0x00000000000013eb                restart
 .text          0x0000000000001410       0x95 kernel/start.o
                0x0000000000001410                cstart
 .text          0x00000000000014a5      0xf1e kernel/main.o
                0x00000000000014a5                kernel_main
                0x00000000000017c0                get_ticks
                0x00000000000017f4                untar
                0x00000000000019b2                ls
                0x0000000000001a76                touch
                0x0000000000001b4f                rm
                0x0000000000001c0a                clear
                0x0000000000001c3d                cat
                0x0000000000001d64                edit
                0x0000000000001e5d                shabby_shell
                0x00000000000021fe                Init
                0x000000000000236b                TestA
                0x0000000000002370                TestB
                0x0000000000002375                TestC
                0x000000000000237a                panic
 .text          0x00000000000023c3      0x10d kernel/clock.o
                0x00000000000023c3                clock_handler
                0x000000000000243e                milli_delay
                0x0000000000002478                init_clock
 .text          0x00000000000024d0      0x6da kernel/keyboard.o
                0x00000000000024d0                keyboard_handler
                0x000000000000253a                init_keyboard
                0x00000000000025e9                keyboard_read
 .text          0x0000000000002baa      0xa4a kernel/tty.o
                0x0000000000002baa                task_tty
                0x0000000000002d9b                in_process
                0x00000000000032f4                sys_printx
                0x0000000000003493                dump_tty_buf
 .text          0x00000000000035f4      0x7d7 kernel/console.o
                0x00000000000035f4                init_screen
                0x0000000000003768                out_char
                0x0000000000003a45                is_current_console
                0x0000000000003b38                select_console
                0x0000000000003b78                scroll_screen
 .text          0x0000000000003dcb      0x130 kernel/i8259.o
                0x0000000000003dcb                init_8259A
                0x0000000000003ea0                spurious_irq
                0x0000000000003ed7                put_irq_handler
 .text          0x0000000000003efb        0x0 kernel/global.o
 .text          0x0000000000003efb      0x65f kernel/protect.o
                0x0000000000003efb                init_prot
                0x0000000000004363                seg2linear
                0x00000000000043b2                init_desc
                0x000000000000441f                exception_handler
 .text          0x000000000000455a     0x15ff kernel/proc.o
                0x000000000000455a                schedule
                0x00000000000045e6                sys_sendrec
                0x0000000000004706                ldt_seg_linear
                0x0000000000004750                va2la
                0x00000000000047b1                reset_msg
                0x00000000000055a0                inform_int
                0x0000000000005710                dump_proc
                0x0000000000005a4c                dump_msg
 .text          0x0000000000005b59      0x2bc kernel/systask.o
                0x0000000000005b59                task_sys
 .text          0x0000000000005e15      0xe1f kernel/hd.o
                0x0000000000005e15                task_hd
                0x0000000000006c09                hd_handler
 *fill*         0x0000000000006c34        0xc 
 .text          0x0000000000006c40      0x19a kernel/kliba.o
                0x0000000000006c40                disp_str
                0x0000000000006c7e                disp_color_str
                0x0000000000006cbd                out_byte
                0x0000000000006cc9                in_byte
                0x0000000000006cd3                port_read
                0x0000000000006ce6                port_write
                0x0000000000006cf9                disable_irq
                0x0000000000006d2e                enable_irq
                0x0000000000006d4d                disable_int
                0x0000000000006d4f                enable_int
                0x0000000000006d51                glitter
 .text          0x0000000000006dda      0x2af kernel/klib.o
                0x0000000000006dda                get_boot_params
                0x0000000000006e60                get_kernel_map
                0x0000000000006f70                itoa
                0x000000000000701b                disp_int
                0x0000000000007042                delay
 .text          0x0000000000007089       0x6f lib/syslog.o
                0x0000000000007089                syslog
 .text          0x00000000000070f8      0x1bc mm/main.o
                0x00000000000070f8                task_mm
                0x000000000000722f                alloc_mem
                0x00000000000072aa                free_mem
 .text          0x00000000000072b4      0x5c0 mm/forkexit.o
                0x00000000000072b4                do_fork
                0x00000000000075f5                do_exit
                0x00000000000077be                do_wait
 .text          0x0000000000007874      0x356 mm/exec.o
                0x0000000000007874                do_exec
 .text          0x0000000000007bca     0x1099 fs/main.o
                0x0000000000007bca                task_fs
                0x0000000000008648                rw_sector
                0x000000000000886b                get_super_block
                0x00000000000088b1                get_inode
                0x0000000000008a14                put_inode
                0x0000000000008a52                sync_inode
 .text          0x0000000000008c63      0xaa6 fs/open.o
                0x0000000000008c63                do_open
                0x00000000000090a5                do_close
                0x0000000000009120                do_lseek
 .text          0x0000000000009709      0x3b2 fs/misc.o
                0x0000000000009709                do_stat
                0x00000000000098da                search_file
                0x0000000000009a30                strip_path
 .text          0x0000000000009abb      0x49a fs/read_write.o
                0x0000000000009abb                do_rdwt
 .text          0x0000000000009f55      0x808 fs/link.o
                0x0000000000009f55                do_unlink
 .text          0x000000000000a75d     0x1fb8 fs/disklog.o
                0x000000000000a75d                disklog
                0x000000000000acca                dump_fd_graph
 .text          0x000000000000c715       0xad lib/orangescrt.a(printf.o)
                0x000000000000c715                printf
                0x000000000000c780                printl
 .text          0x000000000000c7c2      0x305 lib/orangescrt.a(vsprintf.o)
                0x000000000000c820                vsprintf
                0x000000000000caa1                sprintf
 *fill*         0x000000000000cac7        0x9 
 .text          0x000000000000cad0       0x78 lib/orangescrt.a(string.o)
                0x000000000000cad0                memcpy
                0x000000000000caf9                memset
                0x000000000000cb1a                strcpy
                0x000000000000cb32                strlen
 .text          0x000000000000cb48      0x256 lib/orangescrt.a(misc.o)
                0x000000000000cb48                send_recv
                0x000000000000cc02                memcmp
                0x000000000000cc78                strcmp
                0x000000000000cceb                strcat
                0x000000000000cd4a                spin
                0x000000000000cd65                assertion_failure
 .text          0x000000000000cd9e       0x63 lib/orangescrt.a(open.o)
                0x000000000000cd9e                open
 .text          0x000000000000ce01       0x37 lib/orangescrt.a(read.o)
                0x000000000000ce01                read
 .text          0x000000000000ce38       0x37 lib/orangescrt.a(write.o)
                0x000000000000ce38                write
 .text          0x000000000000ce6f       0x2b lib/orangescrt.a(close.o)
                0x000000000000ce6f                close
 .text          0x000000000000ce9a       0x3c lib/orangescrt.a(unlink.o)
                0x000000000000ce9a                unlink
 .text          0x000000000000ced6       0x46 lib/orangescrt.a(getpid.o)
                0x000000000000ced6                getpid
 .text          0x000000000000cf1c       0x63 lib/orangescrt.a(stat.o)
                0x000000000000cf1c                stat
 .text          0x000000000000cf7f       0x66 lib/orangescrt.a(fork.o)
                0x000000000000cf7f                fork
 .text          0x000000000000cfe5       0x3c lib/orangescrt.a(wait.o)
                0x000000000000cfe5                wait
 .text          0x000000000000d021      0x237 lib/orangescrt.a(exec.o)
                0x000000000000d021                exec
                0x000000000000d08c                execl
                0x000000000000d0b1                execv
 *fill*         0x000000000000d258        0x8 
 .text          0x000000000000d260       0x28 lib/orangescrt.a(syscall.o)
                0x000000000000d260                sendrec
                0x000000000000d27a                printx
 *(.gnu.warning)

.fini
 *(SORT(.fini))
                [!provide]                        PROVIDE (__etext, .)
                [!provide]                        PROVIDE (_etext, .)
                [!provide]                        PROVIDE (etext, .)

.rodata         0x000000000000d2a0     0x262b
 *(.rodata .rodata.* .gnu.linkonce.r.*)
 .rodata        0x000000000000d2a0       0x47 kernel/start.o
 *fill*         0x000000000000d2e7        0x1 
 .rodata        0x000000000000d2e8      0x230 kernel/main.o
 .rodata        0x000000000000d518       0x64 kernel/keyboard.o
 .rodata        0x000000000000d57c      0x168 kernel/tty.o
 .rodata        0x000000000000d6e4       0x5b kernel/console.o
 .rodata        0x000000000000d73f       0x11 kernel/i8259.o
 .rodata        0x000000000000d750       0x10 kernel/global.o
                0x000000000000d750                FSBUF_SIZE
                0x000000000000d754                MMBUF_SIZE
                0x000000000000d758                LOGBUF_SIZE
                0x000000000000d75c                LOGDISKBUF_SIZE
 .rodata        0x000000000000d760      0x580 kernel/protect.o
 .rodata        0x000000000000dce0      0x5da kernel/proc.o
 .rodata        0x000000000000e2ba       0x11 kernel/systask.o
 *fill*         0x000000000000e2cb        0x1 
 .rodata        0x000000000000e2cc      0x1df kernel/hd.o
 *fill*         0x000000000000e4ab        0x1 
 .rodata        0x000000000000e4ac       0x6a kernel/klib.o
 .rodata        0x000000000000e516       0x1e lib/syslog.o
 .rodata        0x000000000000e534       0xb1 mm/main.o
 *fill*         0x000000000000e5e5        0x3 
 .rodata        0x000000000000e5e8       0xe7 mm/forkexit.o
 *fill*         0x000000000000e6cf        0x1 
 .rodata        0x000000000000e6d0       0xa4 mm/exec.o
 .rodata        0x000000000000e774      0x2b6 fs/main.o
 *fill*         0x000000000000ea2a        0x2 
 .rodata        0x000000000000ea2c      0x13c fs/open.o
 .rodata        0x000000000000eb68       0x60 fs/misc.o
 .rodata        0x000000000000ebc8      0x164 fs/read_write.o
 .rodata        0x000000000000ed2c      0x1ad fs/link.o
 *fill*         0x000000000000eed9        0x3 
 .rodata        0x000000000000eedc      0x806 fs/disklog.o
 .rodata        0x000000000000f6e2       0x14 lib/orangescrt.a(printf.o)
 *fill*         0x000000000000f6f6        0x2 
 .rodata        0x000000000000f6f8       0xad lib/orangescrt.a(misc.o)
 .rodata        0x000000000000f7a5       0x23 lib/orangescrt.a(open.o)
 .rodata        0x000000000000f7c8       0x25 lib/orangescrt.a(getpid.o)
 .rodata        0x000000000000f7ed       0x23 lib/orangescrt.a(stat.o)
 .rodata        0x000000000000f810       0x33 lib/orangescrt.a(fork.o)
 *fill*         0x000000000000f843        0x1 
 .rodata        0x000000000000f844       0x87 lib/orangescrt.a(exec.o)

.rodata1
 *(.rodata1)

.eh_frame_hdr
 *(.eh_frame_hdr)
 *(.eh_frame_entry .eh_frame_entry.*)

.eh_frame       0x000000000000f8cc     0x1368
 *(.eh_frame)
 .eh_frame      0x000000000000f8cc       0x38 kernel/start.o
 .eh_frame      0x000000000000f904      0x1d8 kernel/main.o
                                        0x1f0 (size before relaxing)
 .eh_frame      0x000000000000fadc       0x60 kernel/clock.o
                                         0x78 (size before relaxing)
 .eh_frame      0x000000000000fb3c       0xe0 kernel/keyboard.o
                                         0xf8 (size before relaxing)
 .eh_frame      0x000000000000fc1c      0x13c kernel/tty.o
                                        0x154 (size before relaxing)
 .eh_frame      0x000000000000fd58      0x144 kernel/console.o
                                        0x15c (size before relaxing)
 .eh_frame      0x000000000000fe9c       0x60 kernel/i8259.o
                                         0x78 (size before relaxing)
 .eh_frame      0x000000000000fefc       0xb0 kernel/protect.o
                                         0xc8 (size before relaxing)
 .eh_frame      0x000000000000ffac      0x1b8 kernel/proc.o
                                        0x1d0 (size before relaxing)
 .eh_frame      0x0000000000010164       0x5c kernel/systask.o
                                         0x74 (size before relaxing)
 .eh_frame      0x00000000000101c0      0x1f0 kernel/hd.o
                                        0x208 (size before relaxing)
 .eh_frame      0x00000000000103b0       0xa0 kernel/klib.o
                                         0xb8 (size before relaxing)
 .eh_frame      0x0000000000010450       0x20 lib/syslog.o
                                         0x38 (size before relaxing)
 .eh_frame      0x0000000000010470       0x7c mm/main.o
                                         0x94 (size before relaxing)
 .eh_frame      0x00000000000104ec       0x90 mm/forkexit.o
                                         0xa8 (size before relaxing)
 .eh_frame      0x000000000001057c       0x2c mm/exec.o
                                         0x44 (size before relaxing)
 .eh_frame      0x00000000000105a8      0x170 fs/main.o
                                        0x188 (size before relaxing)
 .eh_frame      0x0000000000010718      0x120 fs/open.o
                                        0x138 (size before relaxing)
 .eh_frame      0x0000000000010838       0x68 fs/misc.o
                                         0x80 (size before relaxing)
 .eh_frame      0x00000000000108a0       0x2c fs/read_write.o
                                         0x44 (size before relaxing)
 .eh_frame      0x00000000000108cc       0x2c fs/link.o
                                         0x44 (size before relaxing)
 .eh_frame      0x00000000000108f8       0x60 fs/disklog.o
                                         0x78 (size before relaxing)
 .eh_frame      0x0000000000010958       0x40 lib/orangescrt.a(printf.o)
                                         0x58 (size before relaxing)
 .eh_frame      0x0000000000010998       0x60 lib/orangescrt.a(vsprintf.o)
                                         0x78 (size before relaxing)
 .eh_frame      0x00000000000109f8       0xbc lib/orangescrt.a(misc.o)
                                         0xd4 (size before relaxing)
 .eh_frame      0x0000000000010ab4       0x20 lib/orangescrt.a(open.o)
                                         0x38 (size before relaxing)
 .eh_frame      0x0000000000010ad4       0x20 lib/orangescrt.a(read.o)
                                         0x38 (size before relaxing)
 .eh_frame      0x0000000000010af4       0x20 lib/orangescrt.a(write.o)
                                         0x38 (size before relaxing)
 .eh_frame      0x0000000000010b14       0x20 lib/orangescrt.a(close.o)
                                         0x38 (size before relaxing)
 .eh_frame      0x0000000000010b34       0x20 lib/orangescrt.a(unlink.o)
                                         0x38 (size before relaxing)
 .eh_frame      0x0000000000010b54       0x20 lib/orangescrt.a(getpid.o)
                                         0x38 (size before relaxing)
 .eh_frame      0x0000000000010b74       0x20 lib/orangescrt.a(stat.o)
                                         0x38 (size before relaxing)
 .eh_frame      0x0000000000010b94       0x20 lib/orangescrt.a(fork.o)
                                         0x38 (size before relaxing)
 .eh_frame      0x0000000000010bb4       0x20 lib/orangescrt.a(wait.o)
                                         0x38 (size before relaxing)
 .eh_frame      0x0000000000010bd4       0x60 lib/orangescrt.a(exec.o)
                                         0x78 (size before relaxing)
 *(.eh_frame.*)

.gcc_except_table
 *(.gcc_except_table .gcc_except_table.*)

.gnu_extab
 *(.gnu_extab*)

.exception_ranges
 *(.exception_ranges .exception_ranges*)
                0x0000000000011000                . = DATA_SEGMENT_ALIGN (0x1000, 0x1000)

.eh_frame
 *(.eh_frame)
 *(.eh_frame.*)

.gnu_extab
 *(.gnu_extab)

.gcc_except_table
 *(.gcc_except_table .gcc_except_table.*)

.exception_ranges
 *(.exception_ranges .exception_ranges*)

.tdata
 *(.tdata .tdata.* .gnu.linkonce.td.*)

.tbss
 *(.tbss .tbss.* .gnu.linkonce.tb.*)
 *(.tcommon)

.preinit_array  0x0000000000011000        0x0
                [!provide]                        PROVIDE (__preinit_array_start, .)
 *(.preinit_array)
                [!provide]                        PROVIDE (__preinit_array_end, .)

.init_array     0x0000000000011000        0x0
                [!provide]                        PROVIDE (__init_array_start, .)
 *(SORT(.init_array.*) SORT(.ctors.*))
 *(.init_array EXCLUDE_FILE(*crtend?.o *crtend.o *crtbegin?.o *crtbegin.o) .ctors)
                [!provide]                        PROVIDE (__init_array_end, .)

.fini_array     0x0000000000011000        0x0
                [!provide]                        PROVIDE (__fini_array_start, .)
 *(SORT(.fini_array.*) SORT(.dtors.*))
 *(.fini_array EXCLUDE_FILE(*crtend?.o *crtend.o *crtbegin?.o *crtbegin.o) .dtors)
                [!provide]                        PROVIDE (__fini_array_end, .)

.ctors
 *crtbegin.o(.ctors)
 *crtbegin?.o(.ctors)
 *(EXCLUDE_FILE(*crtend?.o *crtend.o) .ctors)
 *(SORT(.ctors.*))
 *(.ctors)

.dtors
 *crtbegin.o(.dtors)
 *crtbegin?.o(.dtors)
 *(EXCLUDE_FILE(*crtend?.o *crtend.o) .dtors)
 *(SORT(.dtors.*))
 *(.dtors)

.jcr
 *(.jcr)

.data.rel.ro
 *(.data.rel.ro.local* .gnu.linkonce.d.rel.ro.local.*)
 *(.data.rel.ro .data.rel.ro.* .gnu.linkonce.d.rel.ro.*)

.dynamic
 *(.dynamic)

.got
 *(.got)
 *(.igot)
                0x0000000000011000                . = DATA_SEGMENT_RELRO_END (., (SIZEOF (.got.plt) >= 0xc)?0xc:0x0)

.got.plt        0x0000000000011000        0x0
 *(.got.plt)
 *(.igot.plt)
 .igot.plt      0x0000000000011000        0x0 kernel/kernel.o

.data           0x0000000000011000      0x814
 *(.data .data.* .gnu.linkonce.d.*)
 .data          0x0000000000011000        0x2 kernel/kernel.o
 .data          0x0000000000011002        0x0 kernel/start.o
 .data          0x0000000000011002        0x0 kernel/main.o
 .data          0x0000000000011002        0x0 kernel/clock.o
 *fill*         0x0000000000011002       0x1e 
 .data          0x0000000000011020      0x600 kernel/keyboard.o
                0x0000000000011020                keymap
 .data          0x0000000000011620       0x22 kernel/tty.o
 .data          0x0000000000011642        0x0 kernel/console.o
 .data          0x0000000000011642        0x0 kernel/i8259.o
 *fill*         0x0000000000011642       0x1e 
 .data          0x0000000000011660      0x1b4 kernel/global.o
                0x0000000000011660                task_table
                0x0000000000011740                user_proc_table
                0x00000000000117e0                sys_call_table
                0x00000000000117ec                dd_map
                0x0000000000011804                fsbuf
                0x0000000000011808                mmbuf
                0x000000000001180c                logbuf
                0x0000000000011810                logdiskbuf
 .data          0x0000000000011814        0x0 kernel/protect.o
 .data          0x0000000000011814        0x0 kernel/proc.o
 .data          0x0000000000011814        0x0 kernel/systask.o
 .data          0x0000000000011814        0x0 kernel/hd.o
 .data          0x0000000000011814        0x0 kernel/klib.o
 .data          0x0000000000011814        0x0 lib/syslog.o
 .data          0x0000000000011814        0x0 mm/main.o
 .data          0x0000000000011814        0x0 mm/forkexit.o
 .data          0x0000000000011814        0x0 mm/exec.o
 .data          0x0000000000011814        0x0 fs/main.o
 .data          0x0000000000011814        0x0 fs/open.o
 .data          0x0000000000011814        0x0 fs/misc.o
 .data          0x0000000000011814        0x0 fs/read_write.o
 .data          0x0000000000011814        0x0 fs/link.o
 .data          0x0000000000011814        0x0 fs/disklog.o
 .data          0x0000000000011814        0x0 lib/orangescrt.a(printf.o)
 .data          0x0000000000011814        0x0 lib/orangescrt.a(vsprintf.o)
 .data          0x0000000000011814        0x0 lib/orangescrt.a(misc.o)
 .data          0x0000000000011814        0x0 lib/orangescrt.a(open.o)
 .data          0x0000000000011814        0x0 lib/orangescrt.a(read.o)
 .data          0x0000000000011814        0x0 lib/orangescrt.a(write.o)
 .data          0x0000000000011814        0x0 lib/orangescrt.a(close.o)
 .data          0x0000000000011814        0x0 lib/orangescrt.a(unlink.o)
 .data          0x0000000000011814        0x0 lib/orangescrt.a(getpid.o)
 .data          0x0000000000011814        0x0 lib/orangescrt.a(stat.o)
 .data          0x0000000000011814        0x0 lib/orangescrt.a(fork.o)
 .data          0x0000000000011814        0x0 lib/orangescrt.a(wait.o)
 .data          0x0000000000011814        0x0 lib/orangescrt.a(exec.o)

.data1
 *(.data1)
                0x0000000000011814                _edata = .
                [!provide]                        PROVIDE (edata, .)
                0x0000000000011814                . = .
                0x0000000000011814                __bss_start = .

.bss            0x0000000000011820    0x2b788
 *(.dynbss)
 *(.bss .bss.* .gnu.linkonce.b.*)
 .bss           0x0000000000011820      0x800 kernel/kernel.o
 .bss           0x0000000000012020        0x0 kernel/start.o
 .bss           0x0000000000012020        0x0 kernel/main.o
 .bss           0x0000000000012020        0x0 kernel/clock.o
 .bss           0x0000000000012020       0x58 kernel/keyboard.o
 .bss           0x0000000000012078        0x0 kernel/tty.o
 .bss           0x0000000000012078        0x0 kernel/console.o
 .bss           0x0000000000012078        0x0 kernel/i8259.o
 .bss           0x0000000000012078        0x0 kernel/global.o
 .bss           0x0000000000012078        0x0 kernel/protect.o
 .bss           0x0000000000012078        0x0 kernel/proc.o
 .bss           0x0000000000012078        0x0 kernel/systask.o
 *fill*         0x0000000000012078        0x8 
 .bss           0x0000000000012080      0x64c kernel/hd.o
 .bss           0x00000000000126cc        0x0 kernel/klib.o
 .bss           0x00000000000126cc        0x0 lib/syslog.o
 .bss           0x00000000000126cc        0x0 mm/main.o
 .bss           0x00000000000126cc        0x0 mm/forkexit.o
 .bss           0x00000000000126cc        0x0 mm/exec.o
 .bss           0x00000000000126cc        0x0 fs/main.o
 .bss           0x00000000000126cc        0x0 fs/open.o
 .bss           0x00000000000126cc        0x0 fs/misc.o
 .bss           0x00000000000126cc        0x0 fs/read_write.o
 .bss           0x00000000000126cc        0x0 fs/link.o
 *fill*         0x00000000000126cc       0x14 
 .bss           0x00000000000126e0      0x208 fs/disklog.o
 .bss           0x00000000000128e8        0x0 lib/orangescrt.a(printf.o)
 .bss           0x00000000000128e8        0x0 lib/orangescrt.a(vsprintf.o)
 .bss           0x00000000000128e8        0x0 lib/orangescrt.a(misc.o)
 .bss           0x00000000000128e8        0x0 lib/orangescrt.a(open.o)
 .bss           0x00000000000128e8        0x0 lib/orangescrt.a(read.o)
 .bss           0x00000000000128e8        0x0 lib/orangescrt.a(write.o)
 .bss           0x00000000000128e8        0x0 lib/orangescrt.a(close.o)
 .bss           0x00000000000128e8        0x0 lib/orangescrt.a(unlink.o)
 .bss           0x00000000000128e8        0x0 lib/orangescrt.a(getpid.o)
 .bss           0x00000000000128e8        0x0 lib/orangescrt.a(stat.o)
 .bss           0x00000000000128e8        0x0 lib/orangescrt.a(fork.o)
 .bss           0x00000000000128e8        0x0 lib/orangescrt.a(wait.o)
 .bss           0x00000000000128e8        0x0 lib/orangescrt.a(exec.o)
 *(COMMON)
 *fill*         0x00000000000128e8       0x18 
 COMMON         0x0000000000012900    0x2a698 kernel/global.o
                0x0000000000012900                idt_ptr
                0x0000000000012920                inode_table
                0x0000000000013420                task_stack
                0x0000000000037420                k_reenter
                0x0000000000037440                gdt
                0x0000000000037840                current_console
                0x0000000000037844                pcaller
                0x0000000000037860                tty_table
                0x00000000000384e0                tss
                0x0000000000038560                fs_msg
                0x0000000000038590                memory_size
                0x00000000000385a0                f_desc_table
                0x00000000000389a0                root_inode
                0x00000000000389a4                disp_pos
                0x00000000000389c0                mm_msg
                0x00000000000389f0                key_pressed
                0x00000000000389f4                gdt_ptr
                0x0000000000038a00                idt
                0x0000000000039200                super_block
                0x00000000000393e0                ticks
                0x0000000000039400                console_table
                0x0000000000039440                irq_table
                0x0000000000039480                p_proc_ready
                0x00000000000394a0                proc_table
 COMMON         0x000000000003cf98       0x10 kernel/hd.o
                0x000000000003cf98                PARTITION_ENTRY
                0x000000000003cfa8                . = ALIGN ((. != 0x0)?0x4:0x1)
                0x000000000003cfa8                . = ALIGN (0x4)
                0x000000000003cfa8                . = SEGMENT_START ("ldata-segment", .)
                0x000000000003cfa8                . = ALIGN (0x4)
                0x000000000003cfa8                _end = .
                [!provide]                        PROVIDE (end, .)
                0x000000000003cfa8                . = DATA_SEGMENT_END (.)

.stab
 *(.stab)

.stabstr
 *(.stabstr)

.stab.excl
 *(.stab.excl)

.stab.exclstr
 *(.stab.exclstr)

.stab.index
 *(.stab.index)

.stab.indexstr
 *(.stab.indexstr)

.comment        0x0000000000000000       0x35
 *(.comment)
 .comment       0x0000000000000000       0x35 kernel/start.o
                                         0x36 (size before relaxing)
 .comment       0x0000000000000035       0x36 kernel/main.o
 .comment       0x0000000000000035       0x36 kernel/clock.o
 .comment       0x0000000000000035       0x36 kernel/keyboard.o
 .comment       0x0000000000000035       0x36 kernel/tty.o
 .comment       0x0000000000000035       0x36 kernel/console.o
 .comment       0x0000000000000035       0x36 kernel/i8259.o
 .comment       0x0000000000000035       0x36 kernel/global.o
 .comment       0x0000000000000035       0x36 kernel/protect.o
 .comment       0x0000000000000035       0x36 kernel/proc.o
 .comment       0x0000000000000035       0x36 kernel/systask.o
 .comment       0x0000000000000035       0x36 kernel/hd.o
 .comment       0x0000000000000035       0x36 kernel/klib.o
 .comment       0x0000000000000035       0x36 lib/syslog.o
 .comment       0x0000000000000035       0x36 mm/main.o
 .comment       0x0000000000000035       0x36 mm/forkexit.o
 .comment       0x0000000000000035       0x36 mm/exec.o
 .comment       0x0000000000000035       0x36 fs/main.o
 .comment       0x0000000000000035       0x36 fs/open.o
 .comment       0x0000000000000035       0x36 fs/misc.o
 .comment       0x0000000000000035       0x36 fs/read_write.o
 .comment       0x0000000000000035       0x36 fs/link.o
 .comment       0x0000000000000035       0x36 fs/disklog.o
 .comment       0x0000000000000035       0x36 lib/orangescrt.a(printf.o)
 .comment       0x0000000000000035       0x36 lib/orangescrt.a(vsprintf.o)
 .comment       0x0000000000000035       0x36 lib/orangescrt.a(misc.o)
 .comment       0x0000000000000035       0x36 lib/orangescrt.a(open.o)
 .comment       0x0000000000000035       0x36 lib/orangescrt.a(read.o)
 .comment       0x0000000000000035       0x36 lib/orangescrt.a(write.o)
 .comment       0x0000000000000035       0x36 lib/orangescrt.a(close.o)
 .comment       0x0000000000000035       0x36 lib/orangescrt.a(unlink.o)
 .comment       0x0000000000000035       0x36 lib/orangescrt.a(getpid.o)
 .comment       0x0000000000000035       0x36 lib/orangescrt.a(stat.o)
 .comment       0x0000000000000035       0x36 lib/orangescrt.a(fork.o)
 .comment       0x0000000000000035       0x36 lib/orangescrt.a(wait.o)
 .comment       0x0000000000000035       0x36 lib/orangescrt.a(exec.o)

.debug
 *(.debug)

.line
 *(.line)

.debug_srcinfo
 *(.debug_srcinfo)

.debug_sfnames
 *(.debug_sfnames)

.debug_aranges
 *(.debug_aranges)

.debug_pubnames
 *(.debug_pubnames)

.debug_info
 *(.debug_info .gnu.linkonce.wi.*)

.debug_abbrev
 *(.debug_abbrev)

.debug_line
 *(.debug_line .debug_line.* .debug_line_end)

.debug_frame
 *(.debug_frame)

.debug_str
 *(.debug_str)

.debug_loc
 *(.debug_loc)

.debug_macinfo
 *(.debug_macinfo)

.debug_weaknames
 *(.debug_weaknames)

.debug_funcnames
 *(.debug_funcnames)

.debug_typenames
 *(.debug_typenames)

.debug_varnames
 *(.debug_varnames)

.debug_pubtypes
 *(.debug_pubtypes)

.debug_ranges
 *(.debug_ranges)

.debug_macro
 *(.debug_macro)

.gnu.attributes
 *(.gnu.attributes)

/DISCARD/
 *(.note.GNU-stack)
 *(.gnu_debuglink)
 *(.gnu.lto_*)
OUTPUT(kernel.bin elf32-i386)
